Explicación de comandos básicos de Git

git clone: Clona un repositorio remoto a tu equipo.
git status: Muestra el estado del repositorio local.
$ git status
On branch main
Your branch is up to date with 'origin/main'.

Untracked files:
  (use "git add <file>..." to include in what will be committed)
        p1/

nothing added to commit but untracked files present (use "git add" to track)
git add: Añade archivos al área de preparación (staging).
$ git add archivo.txt
@JMunoz2004 ➜ /workspaces/p1/p1 (main) $ git status
On branch main
Your branch is up to date with 'origin/main'.

Changes to be committed:
  (use "git restore --staged <file>..." to unstage)
        new file:   archivo.txt
git commit: Guarda los cambios preparados en el historial.
git commit -m "Añadido archivo de prueba archivo.txt"
[main 38819e3] Añadido archivo de prueba archivo.txt
 1 file changed, 1 insertion(+)
 create mode 100644 archivo.txt
git push: Sube los cambios locales al repositorio remoto.
$ git push origin main
Enumerating objects: 4, done.
Counting objects: 100% (4/4), done.
Delta compression using up to 2 threads
Compressing objects: 100% (2/2), done.
Writing objects: 100% (3/3), 346 bytes | 346.00 KiB/s, done.
Total 3 (delta 0), reused 0 (delta 0), pack-reused 0 (from 0)
remote: This repository moved. Please use the new location:
remote:   https://github.com/JMunoz2004/p1.git
To https://github.com/Jmunoz2004/p1.git
   07720b5..38819e3  main -> main
git checkout: Cambia entre ramas o recupera versiones.
